// Jest Snapshot v1, https://goo.gl/fbAQLP

exports[`App should render a game using shallow renderer 1`] = `
<header
  className="App-header"
>
  <h1>
    React tic-tac-toe
  </h1>
  <section>
    <Game />
  </section>
</header>
`;
